// Jest Snapshot v1, https://jestjs.io/docs/snapshot-testing

exports[`Modal should render the modal 1`] = `
{
  "asFragment": [Function],
  "baseElement": <body>
    <div>
      <div
        class="bg-primary/70 fixed inset-0 z-50 flex items-end justify-center backdrop-blur-xs md:items-center md:p-8"
      >
        <div
          class="dark:bg-primary flex w-fit flex-col rounded-t-xl bg-white md:min-w-[25rem] md:rounded-xl dark:border dark:border-white/5"
          data-testid="modal"
        >
          <div
            class="flex items-center justify-between border-b border-neutral-200 px-2 py-1 dark:border-white/20"
          >
            <h3
              class="p-2 font-bold"
            >
              Modal
            </h3>
            <div
              class="relative flex items-center justify-center"
              data-testid="tooltip-wrapper"
            >
              <button
                aria-label="Close modal button"
                class="text-primary/80 flex w-fit items-center justify-center rounded-lg p-2 transition-colors duration-150 ease-in-out dark:text-white/70 hover:text-primary hover:cursor-pointer hover:bg-neutral-100 dark:hover:bg-white/15 dark:hover:text-white"
                type="button"
              >
                <svg
                  class="size-5"
                  data-testid="close-icon"
                  fill="none"
                  height="24"
                  stroke="currentColor"
                  stroke-linecap="round"
                  stroke-linejoin="round"
                  stroke-width="2"
                  viewBox="0 0 24 24"
                  width="24"
                  xmlns="http://www.w3.org/2000/svg"
                >
                  <path
                    d="M18 6 6 18"
                  />
                  <path
                    d="m6 6 12 12"
                  />
                </svg>
              </button>
            </div>
          </div>
          <div
            class="flex p-2"
          >
            <div>
              Modal content
            </div>
          </div>
        </div>
      </div>
    </div>
  </body>,
  "container": <div>
    <div
      class="bg-primary/70 fixed inset-0 z-50 flex items-end justify-center backdrop-blur-xs md:items-center md:p-8"
    >
      <div
        class="dark:bg-primary flex w-fit flex-col rounded-t-xl bg-white md:min-w-[25rem] md:rounded-xl dark:border dark:border-white/5"
        data-testid="modal"
      >
        <div
          class="flex items-center justify-between border-b border-neutral-200 px-2 py-1 dark:border-white/20"
        >
          <h3
            class="p-2 font-bold"
          >
            Modal
          </h3>
          <div
            class="relative flex items-center justify-center"
            data-testid="tooltip-wrapper"
          >
            <button
              aria-label="Close modal button"
              class="text-primary/80 flex w-fit items-center justify-center rounded-lg p-2 transition-colors duration-150 ease-in-out dark:text-white/70 hover:text-primary hover:cursor-pointer hover:bg-neutral-100 dark:hover:bg-white/15 dark:hover:text-white"
              type="button"
            >
              <svg
                class="size-5"
                data-testid="close-icon"
                fill="none"
                height="24"
                stroke="currentColor"
                stroke-linecap="round"
                stroke-linejoin="round"
                stroke-width="2"
                viewBox="0 0 24 24"
                width="24"
                xmlns="http://www.w3.org/2000/svg"
              >
                <path
                  d="M18 6 6 18"
                />
                <path
                  d="m6 6 12 12"
                />
              </svg>
            </button>
          </div>
        </div>
        <div
          class="flex p-2"
        >
          <div>
            Modal content
          </div>
        </div>
      </div>
    </div>
  </div>,
  "debug": [Function],
  "findAllByAltText": [Function],
  "findAllByDisplayValue": [Function],
  "findAllByLabelText": [Function],
  "findAllByPlaceholderText": [Function],
  "findAllByRole": [Function],
  "findAllByTestId": [Function],
  "findAllByText": [Function],
  "findAllByTitle": [Function],
  "findByAltText": [Function],
  "findByDisplayValue": [Function],
  "findByLabelText": [Function],
  "findByPlaceholderText": [Function],
  "findByRole": [Function],
  "findByTestId": [Function],
  "findByText": [Function],
  "findByTitle": [Function],
  "getAllByAltText": [Function],
  "getAllByDisplayValue": [Function],
  "getAllByLabelText": [Function],
  "getAllByPlaceholderText": [Function],
  "getAllByRole": [Function],
  "getAllByTestId": [Function],
  "getAllByText": [Function],
  "getAllByTitle": [Function],
  "getByAltText": [Function],
  "getByDisplayValue": [Function],
  "getByLabelText": [Function],
  "getByPlaceholderText": [Function],
  "getByRole": [Function],
  "getByTestId": [Function],
  "getByText": [Function],
  "getByTitle": [Function],
  "queryAllByAltText": [Function],
  "queryAllByDisplayValue": [Function],
  "queryAllByLabelText": [Function],
  "queryAllByPlaceholderText": [Function],
  "queryAllByRole": [Function],
  "queryAllByTestId": [Function],
  "queryAllByText": [Function],
  "queryAllByTitle": [Function],
  "queryByAltText": [Function],
  "queryByDisplayValue": [Function],
  "queryByLabelText": [Function],
  "queryByPlaceholderText": [Function],
  "queryByRole": [Function],
  "queryByTestId": [Function],
  "queryByText": [Function],
  "queryByTitle": [Function],
  "rerender": [Function],
  "unmount": [Function],
}
`;
