// Jest Snapshot v1, https://jestjs.io/docs/snapshot-testing

exports[`ColorPicker styles should render the color picker correctly 1`] = `
{
  "asFragment": [Function],
  "baseElement": <body>
    <div>
      <div
        class="relative flex flex-col"
      >
        <label
          class="mb-0.5 text-sm"
        >
          Color picker
        </label>
        <div
          class="relative flex items-center justify-center"
          data-testid="icon-button"
        >
          <button
            aria-label="Color picker button"
            class="text-primary flex w-fit items-center justify-center rounded-lg p-2 transition-colors duration-150 ease-in-out dark:text-white/70 hover:text-accent dark:hover:text-accent-dark hover:cursor-pointer hover:bg-neutral-100 dark:hover:bg-white/15 border border-neutral-200 dark:border-white/20"
            type="button"
          >
            <div
              class="h-5 w-5 rounded-full bg-blue-600"
            />
          </button>
        </div>
      </div>
    </div>
  </body>,
  "container": <div>
    <div
      class="relative flex flex-col"
    >
      <label
        class="mb-0.5 text-sm"
      >
        Color picker
      </label>
      <div
        class="relative flex items-center justify-center"
        data-testid="icon-button"
      >
        <button
          aria-label="Color picker button"
          class="text-primary flex w-fit items-center justify-center rounded-lg p-2 transition-colors duration-150 ease-in-out dark:text-white/70 hover:text-accent dark:hover:text-accent-dark hover:cursor-pointer hover:bg-neutral-100 dark:hover:bg-white/15 border border-neutral-200 dark:border-white/20"
          type="button"
        >
          <div
            class="h-5 w-5 rounded-full bg-blue-600"
          />
        </button>
      </div>
    </div>
  </div>,
  "debug": [Function],
  "findAllByAltText": [Function],
  "findAllByDisplayValue": [Function],
  "findAllByLabelText": [Function],
  "findAllByPlaceholderText": [Function],
  "findAllByRole": [Function],
  "findAllByTestId": [Function],
  "findAllByText": [Function],
  "findAllByTitle": [Function],
  "findByAltText": [Function],
  "findByDisplayValue": [Function],
  "findByLabelText": [Function],
  "findByPlaceholderText": [Function],
  "findByRole": [Function],
  "findByTestId": [Function],
  "findByText": [Function],
  "findByTitle": [Function],
  "getAllByAltText": [Function],
  "getAllByDisplayValue": [Function],
  "getAllByLabelText": [Function],
  "getAllByPlaceholderText": [Function],
  "getAllByRole": [Function],
  "getAllByTestId": [Function],
  "getAllByText": [Function],
  "getAllByTitle": [Function],
  "getByAltText": [Function],
  "getByDisplayValue": [Function],
  "getByLabelText": [Function],
  "getByPlaceholderText": [Function],
  "getByRole": [Function],
  "getByTestId": [Function],
  "getByText": [Function],
  "getByTitle": [Function],
  "queryAllByAltText": [Function],
  "queryAllByDisplayValue": [Function],
  "queryAllByLabelText": [Function],
  "queryAllByPlaceholderText": [Function],
  "queryAllByRole": [Function],
  "queryAllByTestId": [Function],
  "queryAllByText": [Function],
  "queryAllByTitle": [Function],
  "queryByAltText": [Function],
  "queryByDisplayValue": [Function],
  "queryByLabelText": [Function],
  "queryByPlaceholderText": [Function],
  "queryByRole": [Function],
  "queryByTestId": [Function],
  "queryByText": [Function],
  "queryByTitle": [Function],
  "rerender": [Function],
  "unmount": [Function],
}
`;

exports[`ColorPicker styles should render the color picker with controller correctly 1`] = `
{
  "asFragment": [Function],
  "baseElement": <body>
    <div>
      <div
        class="relative flex flex-col"
      >
        <label
          class="mb-0.5 text-sm"
        >
          Color picker
        </label>
        <div
          class="relative flex items-center justify-center"
          data-testid="icon-button"
        >
          <button
            aria-label="Color picker button"
            class="text-primary flex w-fit items-center justify-center rounded-lg p-2 transition-colors duration-150 ease-in-out dark:text-white/70 hover:text-accent dark:hover:text-accent-dark hover:cursor-pointer hover:bg-neutral-100 dark:hover:bg-white/15 border border-neutral-200 dark:border-white/20"
            type="button"
          >
            <div
              class="h-5 w-5 rounded-full bg-blue-600"
            />
          </button>
        </div>
      </div>
    </div>
  </body>,
  "container": <div>
    <div
      class="relative flex flex-col"
    >
      <label
        class="mb-0.5 text-sm"
      >
        Color picker
      </label>
      <div
        class="relative flex items-center justify-center"
        data-testid="icon-button"
      >
        <button
          aria-label="Color picker button"
          class="text-primary flex w-fit items-center justify-center rounded-lg p-2 transition-colors duration-150 ease-in-out dark:text-white/70 hover:text-accent dark:hover:text-accent-dark hover:cursor-pointer hover:bg-neutral-100 dark:hover:bg-white/15 border border-neutral-200 dark:border-white/20"
          type="button"
        >
          <div
            class="h-5 w-5 rounded-full bg-blue-600"
          />
        </button>
      </div>
    </div>
  </div>,
  "debug": [Function],
  "findAllByAltText": [Function],
  "findAllByDisplayValue": [Function],
  "findAllByLabelText": [Function],
  "findAllByPlaceholderText": [Function],
  "findAllByRole": [Function],
  "findAllByTestId": [Function],
  "findAllByText": [Function],
  "findAllByTitle": [Function],
  "findByAltText": [Function],
  "findByDisplayValue": [Function],
  "findByLabelText": [Function],
  "findByPlaceholderText": [Function],
  "findByRole": [Function],
  "findByTestId": [Function],
  "findByText": [Function],
  "findByTitle": [Function],
  "getAllByAltText": [Function],
  "getAllByDisplayValue": [Function],
  "getAllByLabelText": [Function],
  "getAllByPlaceholderText": [Function],
  "getAllByRole": [Function],
  "getAllByTestId": [Function],
  "getAllByText": [Function],
  "getAllByTitle": [Function],
  "getByAltText": [Function],
  "getByDisplayValue": [Function],
  "getByLabelText": [Function],
  "getByPlaceholderText": [Function],
  "getByRole": [Function],
  "getByTestId": [Function],
  "getByText": [Function],
  "getByTitle": [Function],
  "queryAllByAltText": [Function],
  "queryAllByDisplayValue": [Function],
  "queryAllByLabelText": [Function],
  "queryAllByPlaceholderText": [Function],
  "queryAllByRole": [Function],
  "queryAllByTestId": [Function],
  "queryAllByText": [Function],
  "queryAllByTitle": [Function],
  "queryByAltText": [Function],
  "queryByDisplayValue": [Function],
  "queryByLabelText": [Function],
  "queryByPlaceholderText": [Function],
  "queryByRole": [Function],
  "queryByTestId": [Function],
  "queryByText": [Function],
  "queryByTitle": [Function],
  "rerender": [Function],
  "unmount": [Function],
}
`;
