// Jest Snapshot v1, https://jestjs.io/docs/snapshot-testing

exports[`UserLoggedItem should render the component correctly 1`] = `
{
  "asFragment": [Function],
  "baseElement": <body>
    <div>
      <a
        href="/home/profile"
      >
        <div
          class="flex items-center rounded-lg py-2 hover:cursor-pointer hover:bg-neutral-100 dark:hover:bg-white/10 justify-between px-2"
        >
          <div
            class="flex items-center gap-2"
          >
            <div
              class="flex h-6 w-6 items-center justify-center rounded-full bg-neutral-200 text-neutral-600 dark:bg-white/20 dark:text-white"
            >
              <svg
                class="size-5"
                fill="none"
                height="24"
                stroke="currentColor"
                stroke-linecap="round"
                stroke-linejoin="round"
                stroke-width="2"
                viewBox="0 0 24 24"
                width="24"
                xmlns="http://www.w3.org/2000/svg"
              >
                <circle
                  cx="12"
                  cy="8"
                  r="5"
                />
                <path
                  d="M20 21a8 8 0 0 0-16 0"
                />
              </svg>
            </div>
            <div
              class="flex flex-col justify-center text-xs"
            >
              <span>
                Alex Santos
              </span>
              <span
                class="text-neutral-600 dark:text-white/60"
              />
            </div>
          </div>
          <svg
            class="size-4 rotate-90"
            fill="none"
            height="24"
            stroke="currentColor"
            stroke-linecap="round"
            stroke-linejoin="round"
            stroke-width="2"
            viewBox="0 0 24 24"
            width="24"
            xmlns="http://www.w3.org/2000/svg"
          >
            <path
              d="m18 15-6-6-6 6"
            />
          </svg>
        </div>
      </a>
    </div>
  </body>,
  "container": <div>
    <a
      href="/home/profile"
    >
      <div
        class="flex items-center rounded-lg py-2 hover:cursor-pointer hover:bg-neutral-100 dark:hover:bg-white/10 justify-between px-2"
      >
        <div
          class="flex items-center gap-2"
        >
          <div
            class="flex h-6 w-6 items-center justify-center rounded-full bg-neutral-200 text-neutral-600 dark:bg-white/20 dark:text-white"
          >
            <svg
              class="size-5"
              fill="none"
              height="24"
              stroke="currentColor"
              stroke-linecap="round"
              stroke-linejoin="round"
              stroke-width="2"
              viewBox="0 0 24 24"
              width="24"
              xmlns="http://www.w3.org/2000/svg"
            >
              <circle
                cx="12"
                cy="8"
                r="5"
              />
              <path
                d="M20 21a8 8 0 0 0-16 0"
              />
            </svg>
          </div>
          <div
            class="flex flex-col justify-center text-xs"
          >
            <span>
              Alex Santos
            </span>
            <span
              class="text-neutral-600 dark:text-white/60"
            />
          </div>
        </div>
        <svg
          class="size-4 rotate-90"
          fill="none"
          height="24"
          stroke="currentColor"
          stroke-linecap="round"
          stroke-linejoin="round"
          stroke-width="2"
          viewBox="0 0 24 24"
          width="24"
          xmlns="http://www.w3.org/2000/svg"
        >
          <path
            d="m18 15-6-6-6 6"
          />
        </svg>
      </div>
    </a>
  </div>,
  "debug": [Function],
  "findAllByAltText": [Function],
  "findAllByDisplayValue": [Function],
  "findAllByLabelText": [Function],
  "findAllByPlaceholderText": [Function],
  "findAllByRole": [Function],
  "findAllByTestId": [Function],
  "findAllByText": [Function],
  "findAllByTitle": [Function],
  "findByAltText": [Function],
  "findByDisplayValue": [Function],
  "findByLabelText": [Function],
  "findByPlaceholderText": [Function],
  "findByRole": [Function],
  "findByTestId": [Function],
  "findByText": [Function],
  "findByTitle": [Function],
  "getAllByAltText": [Function],
  "getAllByDisplayValue": [Function],
  "getAllByLabelText": [Function],
  "getAllByPlaceholderText": [Function],
  "getAllByRole": [Function],
  "getAllByTestId": [Function],
  "getAllByText": [Function],
  "getAllByTitle": [Function],
  "getByAltText": [Function],
  "getByDisplayValue": [Function],
  "getByLabelText": [Function],
  "getByPlaceholderText": [Function],
  "getByRole": [Function],
  "getByTestId": [Function],
  "getByText": [Function],
  "getByTitle": [Function],
  "queryAllByAltText": [Function],
  "queryAllByDisplayValue": [Function],
  "queryAllByLabelText": [Function],
  "queryAllByPlaceholderText": [Function],
  "queryAllByRole": [Function],
  "queryAllByTestId": [Function],
  "queryAllByText": [Function],
  "queryAllByTitle": [Function],
  "queryByAltText": [Function],
  "queryByDisplayValue": [Function],
  "queryByLabelText": [Function],
  "queryByPlaceholderText": [Function],
  "queryByRole": [Function],
  "queryByTestId": [Function],
  "queryByText": [Function],
  "queryByTitle": [Function],
  "rerender": [Function],
  "unmount": [Function],
}
`;
