// Jest Snapshot v1, https://jestjs.io/docs/snapshot-testing

exports[`ContextMenu styles should render the context menu correctly 1`] = `
{
  "asFragment": [Function],
  "baseElement": <body>
    <div>
      <div
        class="relative flex flex-col"
      >
        <button
          aria-label="test"
          class="flex w-fit items-center justify-center gap-2 text-sm font-semibold transition-colors duration-200 ease-in-out text-primary dark:text-white hover:text-accent dark:hover:text-accent-dark hover:cursor-pointer hover:bg-neutral-100 dark:hover:bg-white/15 rounded-md p-1"
          type="button"
        >
          Menu
        </button>
      </div>
    </div>
  </body>,
  "container": <div>
    <div
      class="relative flex flex-col"
    >
      <button
        aria-label="test"
        class="flex w-fit items-center justify-center gap-2 text-sm font-semibold transition-colors duration-200 ease-in-out text-primary dark:text-white hover:text-accent dark:hover:text-accent-dark hover:cursor-pointer hover:bg-neutral-100 dark:hover:bg-white/15 rounded-md p-1"
        type="button"
      >
        Menu
      </button>
    </div>
  </div>,
  "debug": [Function],
  "findAllByAltText": [Function],
  "findAllByDisplayValue": [Function],
  "findAllByLabelText": [Function],
  "findAllByPlaceholderText": [Function],
  "findAllByRole": [Function],
  "findAllByTestId": [Function],
  "findAllByText": [Function],
  "findAllByTitle": [Function],
  "findByAltText": [Function],
  "findByDisplayValue": [Function],
  "findByLabelText": [Function],
  "findByPlaceholderText": [Function],
  "findByRole": [Function],
  "findByTestId": [Function],
  "findByText": [Function],
  "findByTitle": [Function],
  "getAllByAltText": [Function],
  "getAllByDisplayValue": [Function],
  "getAllByLabelText": [Function],
  "getAllByPlaceholderText": [Function],
  "getAllByRole": [Function],
  "getAllByTestId": [Function],
  "getAllByText": [Function],
  "getAllByTitle": [Function],
  "getByAltText": [Function],
  "getByDisplayValue": [Function],
  "getByLabelText": [Function],
  "getByPlaceholderText": [Function],
  "getByRole": [Function],
  "getByTestId": [Function],
  "getByText": [Function],
  "getByTitle": [Function],
  "queryAllByAltText": [Function],
  "queryAllByDisplayValue": [Function],
  "queryAllByLabelText": [Function],
  "queryAllByPlaceholderText": [Function],
  "queryAllByRole": [Function],
  "queryAllByTestId": [Function],
  "queryAllByText": [Function],
  "queryAllByTitle": [Function],
  "queryByAltText": [Function],
  "queryByDisplayValue": [Function],
  "queryByLabelText": [Function],
  "queryByPlaceholderText": [Function],
  "queryByRole": [Function],
  "queryByTestId": [Function],
  "queryByText": [Function],
  "queryByTitle": [Function],
  "rerender": [Function],
  "unmount": [Function],
}
`;
