// Jest Snapshot v1, https://jestjs.io/docs/snapshot-testing

exports[`TaskItemCard should render the component correctly 1`] = `
{
  "asFragment": [Function],
  "baseElement": <body>
    <div>
      <article
        class="flex w-full flex-col rounded-xl border border-neutral-200 bg-white px-3 text-[0.8125rem] dark:border-neutral-700 dark:bg-transparent dark:text-white"
        data-id="1"
      >
        <div
          class="flex flex-col gap-2 pt-2"
        >
          <a
            class="text-[0.9375rem] hover:cursor-pointer hover:text-blue-600 hover:underline dark:hover:text-orange-500"
            href="#"
          >
            Set up analytics tools
          </a>
          <p
            class="line-clamp-2 max-h-12 text-neutral-700 dark:text-white/80"
          >
            Install and configure Google Analytics and Hotjar to monitor user behavior and traffic.
          </p>
        </div>
        <div
          class="pt-2"
        >
          <div
            class="flex w-fit min-w-13 items-center justify-center gap-2 rounded-xl px-2 py-0.5 text-xs font-medium bg-orange-100 text-amber-800 border border-amber-800 dark:bg-orange-600/20 dark:border-orange-400 dark:text-orange-400"
          >
            <span>
              Medium
            </span>
          </div>
        </div>
        <div
          class="flex w-full items-center justify-between py-2 text-neutral-600"
        >
          <div
            class="flex items-center gap-2 text-neutral-600 dark:text-white/80"
          >
            <svg
              class="size-4"
              fill="none"
              height="24"
              stroke="currentColor"
              stroke-linecap="round"
              stroke-linejoin="round"
              stroke-width="2"
              viewBox="0 0 24 24"
              width="24"
              xmlns="http://www.w3.org/2000/svg"
            >
              <path
                d="M8 2v4"
              />
              <path
                d="M16 2v4"
              />
              <rect
                height="18"
                rx="2"
                width="18"
                x="3"
                y="4"
              />
              <path
                d="M3 10h18"
              />
              <path
                d="M8 14h.01"
              />
              <path
                d="M12 14h.01"
              />
              <path
                d="M16 14h.01"
              />
              <path
                d="M8 18h.01"
              />
              <path
                d="M12 18h.01"
              />
              <path
                d="M16 18h.01"
              />
            </svg>
            <span>
              Jul 5
            </span>
          </div>
          <div
            class="flex items-center justify-center gap-1 rounded-md border border-neutral-200 px-1 py-0.5 font-semibold text-neutral-600 shadow-sm dark:border-neutral-700 dark:text-white/80"
          >
            <svg
              height="16"
              width="16"
            >
              <circle
                class="stroke-gray-200 dark:stroke-neutral-600"
                cx="8"
                cy="8"
                fill="none"
                r="7"
                stroke-width="2"
              />
              <circle
                class="stroke-primary dark:stroke-white text-neutral-600 dark:text-white/80"
                cx="8"
                cy="8"
                fill="none"
                r="7"
                stroke-dasharray="43.982297150257104"
                stroke-dashoffset="43.54247417875453"
                stroke-linecap="round"
                stroke-width="2"
                transform="rotate(-90 8 8)"
              />
            </svg>
            <span
              class="stroke-primary dark:stroke-white text-neutral-600 dark:text-white/80"
            >
              0
              %
            </span>
          </div>
        </div>
        <hr
          class="text-neutral-200 dark:text-neutral-700"
        />
        <div
          class="flex items-center justify-between gap-2 py-2 dark:text-white/80"
        >
          <div
            class="flex w-fit items-center justify-center overflow-hidden rounded-full bg-gray-200 p-0.5 text-neutral-500"
          >
            <img
              alt="User avatar image"
              class="h-5 w-5"
              src="/img/user-avatar.webp"
            />
          </div>
          <div
            class="flex items-center justify-center gap-1 rounded-md border border-neutral-200 px-1 py-0.5 font-semibold text-neutral-600 shadow-sm dark:border-neutral-700 dark:text-white/80"
          >
            <svg
              class="size-4 text-neutral-400"
              fill="none"
              height="24"
              stroke="currentColor"
              stroke-linecap="round"
              stroke-linejoin="round"
              stroke-width="2"
              viewBox="0 0 24 24"
              width="24"
              xmlns="http://www.w3.org/2000/svg"
            >
              <path
                d="M7.9 20A9 9 0 1 0 4 16.1L2 22Z"
              />
              <path
                d="M8 12h.01"
              />
              <path
                d="M12 12h.01"
              />
              <path
                d="M16 12h.01"
              />
            </svg>
            <span>
              23
            </span>
          </div>
        </div>
      </article>
    </div>
  </body>,
  "container": <div>
    <article
      class="flex w-full flex-col rounded-xl border border-neutral-200 bg-white px-3 text-[0.8125rem] dark:border-neutral-700 dark:bg-transparent dark:text-white"
      data-id="1"
    >
      <div
        class="flex flex-col gap-2 pt-2"
      >
        <a
          class="text-[0.9375rem] hover:cursor-pointer hover:text-blue-600 hover:underline dark:hover:text-orange-500"
          href="#"
        >
          Set up analytics tools
        </a>
        <p
          class="line-clamp-2 max-h-12 text-neutral-700 dark:text-white/80"
        >
          Install and configure Google Analytics and Hotjar to monitor user behavior and traffic.
        </p>
      </div>
      <div
        class="pt-2"
      >
        <div
          class="flex w-fit min-w-13 items-center justify-center gap-2 rounded-xl px-2 py-0.5 text-xs font-medium bg-orange-100 text-amber-800 border border-amber-800 dark:bg-orange-600/20 dark:border-orange-400 dark:text-orange-400"
        >
          <span>
            Medium
          </span>
        </div>
      </div>
      <div
        class="flex w-full items-center justify-between py-2 text-neutral-600"
      >
        <div
          class="flex items-center gap-2 text-neutral-600 dark:text-white/80"
        >
          <svg
            class="size-4"
            fill="none"
            height="24"
            stroke="currentColor"
            stroke-linecap="round"
            stroke-linejoin="round"
            stroke-width="2"
            viewBox="0 0 24 24"
            width="24"
            xmlns="http://www.w3.org/2000/svg"
          >
            <path
              d="M8 2v4"
            />
            <path
              d="M16 2v4"
            />
            <rect
              height="18"
              rx="2"
              width="18"
              x="3"
              y="4"
            />
            <path
              d="M3 10h18"
            />
            <path
              d="M8 14h.01"
            />
            <path
              d="M12 14h.01"
            />
            <path
              d="M16 14h.01"
            />
            <path
              d="M8 18h.01"
            />
            <path
              d="M12 18h.01"
            />
            <path
              d="M16 18h.01"
            />
          </svg>
          <span>
            Jul 5
          </span>
        </div>
        <div
          class="flex items-center justify-center gap-1 rounded-md border border-neutral-200 px-1 py-0.5 font-semibold text-neutral-600 shadow-sm dark:border-neutral-700 dark:text-white/80"
        >
          <svg
            height="16"
            width="16"
          >
            <circle
              class="stroke-gray-200 dark:stroke-neutral-600"
              cx="8"
              cy="8"
              fill="none"
              r="7"
              stroke-width="2"
            />
            <circle
              class="stroke-primary dark:stroke-white text-neutral-600 dark:text-white/80"
              cx="8"
              cy="8"
              fill="none"
              r="7"
              stroke-dasharray="43.982297150257104"
              stroke-dashoffset="43.54247417875453"
              stroke-linecap="round"
              stroke-width="2"
              transform="rotate(-90 8 8)"
            />
          </svg>
          <span
            class="stroke-primary dark:stroke-white text-neutral-600 dark:text-white/80"
          >
            0
            %
          </span>
        </div>
      </div>
      <hr
        class="text-neutral-200 dark:text-neutral-700"
      />
      <div
        class="flex items-center justify-between gap-2 py-2 dark:text-white/80"
      >
        <div
          class="flex w-fit items-center justify-center overflow-hidden rounded-full bg-gray-200 p-0.5 text-neutral-500"
        >
          <img
            alt="User avatar image"
            class="h-5 w-5"
            src="/img/user-avatar.webp"
          />
        </div>
        <div
          class="flex items-center justify-center gap-1 rounded-md border border-neutral-200 px-1 py-0.5 font-semibold text-neutral-600 shadow-sm dark:border-neutral-700 dark:text-white/80"
        >
          <svg
            class="size-4 text-neutral-400"
            fill="none"
            height="24"
            stroke="currentColor"
            stroke-linecap="round"
            stroke-linejoin="round"
            stroke-width="2"
            viewBox="0 0 24 24"
            width="24"
            xmlns="http://www.w3.org/2000/svg"
          >
            <path
              d="M7.9 20A9 9 0 1 0 4 16.1L2 22Z"
            />
            <path
              d="M8 12h.01"
            />
            <path
              d="M12 12h.01"
            />
            <path
              d="M16 12h.01"
            />
          </svg>
          <span>
            23
          </span>
        </div>
      </div>
    </article>
  </div>,
  "debug": [Function],
  "findAllByAltText": [Function],
  "findAllByDisplayValue": [Function],
  "findAllByLabelText": [Function],
  "findAllByPlaceholderText": [Function],
  "findAllByRole": [Function],
  "findAllByTestId": [Function],
  "findAllByText": [Function],
  "findAllByTitle": [Function],
  "findByAltText": [Function],
  "findByDisplayValue": [Function],
  "findByLabelText": [Function],
  "findByPlaceholderText": [Function],
  "findByRole": [Function],
  "findByTestId": [Function],
  "findByText": [Function],
  "findByTitle": [Function],
  "getAllByAltText": [Function],
  "getAllByDisplayValue": [Function],
  "getAllByLabelText": [Function],
  "getAllByPlaceholderText": [Function],
  "getAllByRole": [Function],
  "getAllByTestId": [Function],
  "getAllByText": [Function],
  "getAllByTitle": [Function],
  "getByAltText": [Function],
  "getByDisplayValue": [Function],
  "getByLabelText": [Function],
  "getByPlaceholderText": [Function],
  "getByRole": [Function],
  "getByTestId": [Function],
  "getByText": [Function],
  "getByTitle": [Function],
  "queryAllByAltText": [Function],
  "queryAllByDisplayValue": [Function],
  "queryAllByLabelText": [Function],
  "queryAllByPlaceholderText": [Function],
  "queryAllByRole": [Function],
  "queryAllByTestId": [Function],
  "queryAllByText": [Function],
  "queryAllByTitle": [Function],
  "queryByAltText": [Function],
  "queryByDisplayValue": [Function],
  "queryByLabelText": [Function],
  "queryByPlaceholderText": [Function],
  "queryByRole": [Function],
  "queryByTestId": [Function],
  "queryByText": [Function],
  "queryByTitle": [Function],
  "rerender": [Function],
  "unmount": [Function],
}
`;
