// Jest Snapshot v1, https://jestjs.io/docs/snapshot-testing

exports[`Breadcrumb should render the component correctly 1`] = `
{
  "asFragment": [Function],
  "baseElement": <body>
    <div>
      <div
        class="text-primary/80 flex items-center gap-2 text-[0.8125rem] dark:text-white/70"
      >
        <div
          class="flex items-center gap-2 font-medium"
        >
          <a
            class="hover:cursor-pointer"
            href="/"
          >
            <span>
              Projects
            </span>
          </a>
          <svg
            class="size-3 rotate-90"
            fill="none"
            height="24"
            stroke="currentColor"
            stroke-linecap="round"
            stroke-linejoin="round"
            stroke-width="2"
            viewBox="0 0 24 24"
            width="24"
            xmlns="http://www.w3.org/2000/svg"
          >
            <path
              d="m18 15-6-6-6 6"
            />
          </svg>
        </div>
        <div
          class="flex items-center gap-2 font-medium"
        >
          <a
            class="hover:cursor-pointer text-primary font-semibold dark:text-white"
            href="/"
          >
            <span>
              TaskMaster Mobile App
            </span>
          </a>
        </div>
      </div>
    </div>
  </body>,
  "container": <div>
    <div
      class="text-primary/80 flex items-center gap-2 text-[0.8125rem] dark:text-white/70"
    >
      <div
        class="flex items-center gap-2 font-medium"
      >
        <a
          class="hover:cursor-pointer"
          href="/"
        >
          <span>
            Projects
          </span>
        </a>
        <svg
          class="size-3 rotate-90"
          fill="none"
          height="24"
          stroke="currentColor"
          stroke-linecap="round"
          stroke-linejoin="round"
          stroke-width="2"
          viewBox="0 0 24 24"
          width="24"
          xmlns="http://www.w3.org/2000/svg"
        >
          <path
            d="m18 15-6-6-6 6"
          />
        </svg>
      </div>
      <div
        class="flex items-center gap-2 font-medium"
      >
        <a
          class="hover:cursor-pointer text-primary font-semibold dark:text-white"
          href="/"
        >
          <span>
            TaskMaster Mobile App
          </span>
        </a>
      </div>
    </div>
  </div>,
  "debug": [Function],
  "findAllByAltText": [Function],
  "findAllByDisplayValue": [Function],
  "findAllByLabelText": [Function],
  "findAllByPlaceholderText": [Function],
  "findAllByRole": [Function],
  "findAllByTestId": [Function],
  "findAllByText": [Function],
  "findAllByTitle": [Function],
  "findByAltText": [Function],
  "findByDisplayValue": [Function],
  "findByLabelText": [Function],
  "findByPlaceholderText": [Function],
  "findByRole": [Function],
  "findByTestId": [Function],
  "findByText": [Function],
  "findByTitle": [Function],
  "getAllByAltText": [Function],
  "getAllByDisplayValue": [Function],
  "getAllByLabelText": [Function],
  "getAllByPlaceholderText": [Function],
  "getAllByRole": [Function],
  "getAllByTestId": [Function],
  "getAllByText": [Function],
  "getAllByTitle": [Function],
  "getByAltText": [Function],
  "getByDisplayValue": [Function],
  "getByLabelText": [Function],
  "getByPlaceholderText": [Function],
  "getByRole": [Function],
  "getByTestId": [Function],
  "getByText": [Function],
  "getByTitle": [Function],
  "queryAllByAltText": [Function],
  "queryAllByDisplayValue": [Function],
  "queryAllByLabelText": [Function],
  "queryAllByPlaceholderText": [Function],
  "queryAllByRole": [Function],
  "queryAllByTestId": [Function],
  "queryAllByText": [Function],
  "queryAllByTitle": [Function],
  "queryByAltText": [Function],
  "queryByDisplayValue": [Function],
  "queryByLabelText": [Function],
  "queryByPlaceholderText": [Function],
  "queryByRole": [Function],
  "queryByTestId": [Function],
  "queryByText": [Function],
  "queryByTitle": [Function],
  "rerender": [Function],
  "unmount": [Function],
}
`;
