// Jest Snapshot v1, https://jestjs.io/docs/snapshot-testing

exports[`InputField styles should render the component correctly 1`] = `
{
  "asFragment": [Function],
  "baseElement": <body>
    <div>
      <div
        class="flex w-full flex-col"
      >
        <label
          class="mb-0.5 text-sm"
          for="name"
        >
          Name
        </label>
        <input
          class="focus:ring-accent focus:border-accent dark:focus:ring-accent-dark dark:focus:border-accent-dark w-full rounded-lg border border-neutral-200 px-4 py-2 text-sm focus:ring-1 focus:outline-none dark:border-white/20"
          id="name"
          name="name"
          placeholder="Enter your name"
          type="text"
        />
      </div>
    </div>
  </body>,
  "container": <div>
    <div
      class="flex w-full flex-col"
    >
      <label
        class="mb-0.5 text-sm"
        for="name"
      >
        Name
      </label>
      <input
        class="focus:ring-accent focus:border-accent dark:focus:ring-accent-dark dark:focus:border-accent-dark w-full rounded-lg border border-neutral-200 px-4 py-2 text-sm focus:ring-1 focus:outline-none dark:border-white/20"
        id="name"
        name="name"
        placeholder="Enter your name"
        type="text"
      />
    </div>
  </div>,
  "debug": [Function],
  "findAllByAltText": [Function],
  "findAllByDisplayValue": [Function],
  "findAllByLabelText": [Function],
  "findAllByPlaceholderText": [Function],
  "findAllByRole": [Function],
  "findAllByTestId": [Function],
  "findAllByText": [Function],
  "findAllByTitle": [Function],
  "findByAltText": [Function],
  "findByDisplayValue": [Function],
  "findByLabelText": [Function],
  "findByPlaceholderText": [Function],
  "findByRole": [Function],
  "findByTestId": [Function],
  "findByText": [Function],
  "findByTitle": [Function],
  "getAllByAltText": [Function],
  "getAllByDisplayValue": [Function],
  "getAllByLabelText": [Function],
  "getAllByPlaceholderText": [Function],
  "getAllByRole": [Function],
  "getAllByTestId": [Function],
  "getAllByText": [Function],
  "getAllByTitle": [Function],
  "getByAltText": [Function],
  "getByDisplayValue": [Function],
  "getByLabelText": [Function],
  "getByPlaceholderText": [Function],
  "getByRole": [Function],
  "getByTestId": [Function],
  "getByText": [Function],
  "getByTitle": [Function],
  "queryAllByAltText": [Function],
  "queryAllByDisplayValue": [Function],
  "queryAllByLabelText": [Function],
  "queryAllByPlaceholderText": [Function],
  "queryAllByRole": [Function],
  "queryAllByTestId": [Function],
  "queryAllByText": [Function],
  "queryAllByTitle": [Function],
  "queryByAltText": [Function],
  "queryByDisplayValue": [Function],
  "queryByLabelText": [Function],
  "queryByPlaceholderText": [Function],
  "queryByRole": [Function],
  "queryByTestId": [Function],
  "queryByText": [Function],
  "queryByTitle": [Function],
  "rerender": [Function],
  "unmount": [Function],
}
`;
