// Jest Snapshot v1, https://jestjs.io/docs/snapshot-testing

exports[`Banner should render the component correctly 1`] = `
{
  "asFragment": [Function],
  "baseElement": <body>
    <div>
      <section
        class="dark:bg-primary flex min-h-80 flex-col items-center justify-center gap-1 rounded-xl border border-neutral-200 bg-neutral-50 p-8 dark:border-white/15"
      >
        <h3
          class="text-2xl font-bold"
        >
          test
        </h3>
        <p
          class="text-xl font-semibold text-neutral-500 dark:text-neutral-400"
        >
          description
        </p>
      </section>
    </div>
  </body>,
  "container": <div>
    <section
      class="dark:bg-primary flex min-h-80 flex-col items-center justify-center gap-1 rounded-xl border border-neutral-200 bg-neutral-50 p-8 dark:border-white/15"
    >
      <h3
        class="text-2xl font-bold"
      >
        test
      </h3>
      <p
        class="text-xl font-semibold text-neutral-500 dark:text-neutral-400"
      >
        description
      </p>
    </section>
  </div>,
  "debug": [Function],
  "findAllByAltText": [Function],
  "findAllByDisplayValue": [Function],
  "findAllByLabelText": [Function],
  "findAllByPlaceholderText": [Function],
  "findAllByRole": [Function],
  "findAllByTestId": [Function],
  "findAllByText": [Function],
  "findAllByTitle": [Function],
  "findByAltText": [Function],
  "findByDisplayValue": [Function],
  "findByLabelText": [Function],
  "findByPlaceholderText": [Function],
  "findByRole": [Function],
  "findByTestId": [Function],
  "findByText": [Function],
  "findByTitle": [Function],
  "getAllByAltText": [Function],
  "getAllByDisplayValue": [Function],
  "getAllByLabelText": [Function],
  "getAllByPlaceholderText": [Function],
  "getAllByRole": [Function],
  "getAllByTestId": [Function],
  "getAllByText": [Function],
  "getAllByTitle": [Function],
  "getByAltText": [Function],
  "getByDisplayValue": [Function],
  "getByLabelText": [Function],
  "getByPlaceholderText": [Function],
  "getByRole": [Function],
  "getByTestId": [Function],
  "getByText": [Function],
  "getByTitle": [Function],
  "queryAllByAltText": [Function],
  "queryAllByDisplayValue": [Function],
  "queryAllByLabelText": [Function],
  "queryAllByPlaceholderText": [Function],
  "queryAllByRole": [Function],
  "queryAllByTestId": [Function],
  "queryAllByText": [Function],
  "queryAllByTitle": [Function],
  "queryByAltText": [Function],
  "queryByDisplayValue": [Function],
  "queryByLabelText": [Function],
  "queryByPlaceholderText": [Function],
  "queryByRole": [Function],
  "queryByTestId": [Function],
  "queryByText": [Function],
  "queryByTitle": [Function],
  "rerender": [Function],
  "unmount": [Function],
}
`;
