// Jest Snapshot v1, https://jestjs.io/docs/snapshot-testing

exports[`IconButton should render the component correctly 1`] = `
{
  "asFragment": [Function],
  "baseElement": <body>
    <div>
      <div
        class="relative flex items-center justify-center"
        data-testid="tooltip-wrapper"
      >
        <button
          aria-label="Icon button"
          class="text-primary flex w-fit items-center justify-center rounded-lg p-2 transition-colors duration-150 ease-in-out dark:text-white/70 hover:text-accent dark:hover:text-accent-dark hover:cursor-pointer hover:bg-neutral-100 dark:hover:bg-white/15"
          type="button"
        >
          <svg
            class="size-5"
            fill="none"
            height="24"
            stroke="currentColor"
            stroke-linecap="round"
            stroke-linejoin="round"
            stroke-width="2"
            viewBox="0 0 24 24"
            width="24"
            xmlns="http://www.w3.org/2000/svg"
          >
            <circle
              cx="12"
              cy="12"
              r="10"
            />
            <path
              d="M8 12h8"
            />
            <path
              d="M12 8v8"
            />
          </svg>
        </button>
      </div>
    </div>
  </body>,
  "container": <div>
    <div
      class="relative flex items-center justify-center"
      data-testid="tooltip-wrapper"
    >
      <button
        aria-label="Icon button"
        class="text-primary flex w-fit items-center justify-center rounded-lg p-2 transition-colors duration-150 ease-in-out dark:text-white/70 hover:text-accent dark:hover:text-accent-dark hover:cursor-pointer hover:bg-neutral-100 dark:hover:bg-white/15"
        type="button"
      >
        <svg
          class="size-5"
          fill="none"
          height="24"
          stroke="currentColor"
          stroke-linecap="round"
          stroke-linejoin="round"
          stroke-width="2"
          viewBox="0 0 24 24"
          width="24"
          xmlns="http://www.w3.org/2000/svg"
        >
          <circle
            cx="12"
            cy="12"
            r="10"
          />
          <path
            d="M8 12h8"
          />
          <path
            d="M12 8v8"
          />
        </svg>
      </button>
    </div>
  </div>,
  "debug": [Function],
  "findAllByAltText": [Function],
  "findAllByDisplayValue": [Function],
  "findAllByLabelText": [Function],
  "findAllByPlaceholderText": [Function],
  "findAllByRole": [Function],
  "findAllByTestId": [Function],
  "findAllByText": [Function],
  "findAllByTitle": [Function],
  "findByAltText": [Function],
  "findByDisplayValue": [Function],
  "findByLabelText": [Function],
  "findByPlaceholderText": [Function],
  "findByRole": [Function],
  "findByTestId": [Function],
  "findByText": [Function],
  "findByTitle": [Function],
  "getAllByAltText": [Function],
  "getAllByDisplayValue": [Function],
  "getAllByLabelText": [Function],
  "getAllByPlaceholderText": [Function],
  "getAllByRole": [Function],
  "getAllByTestId": [Function],
  "getAllByText": [Function],
  "getAllByTitle": [Function],
  "getByAltText": [Function],
  "getByDisplayValue": [Function],
  "getByLabelText": [Function],
  "getByPlaceholderText": [Function],
  "getByRole": [Function],
  "getByTestId": [Function],
  "getByText": [Function],
  "getByTitle": [Function],
  "queryAllByAltText": [Function],
  "queryAllByDisplayValue": [Function],
  "queryAllByLabelText": [Function],
  "queryAllByPlaceholderText": [Function],
  "queryAllByRole": [Function],
  "queryAllByTestId": [Function],
  "queryAllByText": [Function],
  "queryAllByTitle": [Function],
  "queryByAltText": [Function],
  "queryByDisplayValue": [Function],
  "queryByLabelText": [Function],
  "queryByPlaceholderText": [Function],
  "queryByRole": [Function],
  "queryByTestId": [Function],
  "queryByText": [Function],
  "queryByTitle": [Function],
  "rerender": [Function],
  "unmount": [Function],
}
`;
