// Jest Snapshot v1, https://jestjs.io/docs/snapshot-testing

exports[`TabBar styles should render the component correctly 1`] = `
{
  "asFragment": [Function],
  "baseElement": <body>
    <div>
      <div
        class="flex w-full rounded-lg bg-neutral-100 p-0.5 text-sm md:w-fit dark:bg-neutral-800"
      >
        <button
          aria-label="Board"
          class="flex h-7 w-full items-center justify-center gap-1 rounded-md px-4 font-semibold transition-colors duration-150 ease-in-out hover:cursor-pointer md:w-24 dark:bg-primary text-primary bg-white shadow dark:text-white"
        >
          <span>
            Board
          </span>
        </button>
        <button
          aria-label="To-Do"
          class="flex h-7 w-full items-center justify-center gap-1 rounded-md px-4 font-semibold text-neutral-600 transition-colors duration-150 ease-in-out hover:cursor-pointer md:w-24 dark:text-white/70"
        >
          <span>
            To-Do
          </span>
        </button>
      </div>
    </div>
  </body>,
  "container": <div>
    <div
      class="flex w-full rounded-lg bg-neutral-100 p-0.5 text-sm md:w-fit dark:bg-neutral-800"
    >
      <button
        aria-label="Board"
        class="flex h-7 w-full items-center justify-center gap-1 rounded-md px-4 font-semibold transition-colors duration-150 ease-in-out hover:cursor-pointer md:w-24 dark:bg-primary text-primary bg-white shadow dark:text-white"
      >
        <span>
          Board
        </span>
      </button>
      <button
        aria-label="To-Do"
        class="flex h-7 w-full items-center justify-center gap-1 rounded-md px-4 font-semibold text-neutral-600 transition-colors duration-150 ease-in-out hover:cursor-pointer md:w-24 dark:text-white/70"
      >
        <span>
          To-Do
        </span>
      </button>
    </div>
  </div>,
  "debug": [Function],
  "findAllByAltText": [Function],
  "findAllByDisplayValue": [Function],
  "findAllByLabelText": [Function],
  "findAllByPlaceholderText": [Function],
  "findAllByRole": [Function],
  "findAllByTestId": [Function],
  "findAllByText": [Function],
  "findAllByTitle": [Function],
  "findByAltText": [Function],
  "findByDisplayValue": [Function],
  "findByLabelText": [Function],
  "findByPlaceholderText": [Function],
  "findByRole": [Function],
  "findByTestId": [Function],
  "findByText": [Function],
  "findByTitle": [Function],
  "getAllByAltText": [Function],
  "getAllByDisplayValue": [Function],
  "getAllByLabelText": [Function],
  "getAllByPlaceholderText": [Function],
  "getAllByRole": [Function],
  "getAllByTestId": [Function],
  "getAllByText": [Function],
  "getAllByTitle": [Function],
  "getByAltText": [Function],
  "getByDisplayValue": [Function],
  "getByLabelText": [Function],
  "getByPlaceholderText": [Function],
  "getByRole": [Function],
  "getByTestId": [Function],
  "getByText": [Function],
  "getByTitle": [Function],
  "queryAllByAltText": [Function],
  "queryAllByDisplayValue": [Function],
  "queryAllByLabelText": [Function],
  "queryAllByPlaceholderText": [Function],
  "queryAllByRole": [Function],
  "queryAllByTestId": [Function],
  "queryAllByText": [Function],
  "queryAllByTitle": [Function],
  "queryByAltText": [Function],
  "queryByDisplayValue": [Function],
  "queryByLabelText": [Function],
  "queryByPlaceholderText": [Function],
  "queryByRole": [Function],
  "queryByTestId": [Function],
  "queryByText": [Function],
  "queryByTitle": [Function],
  "rerender": [Function],
  "unmount": [Function],
}
`;
